C51 COMPILER V9.01   MAIN                                                                  01/04/2021 22:31:35 PAGE 1   


C51 COMPILER V9.01, COMPILATION OF MODULE MAIN
OBJECT MODULE PLACED IN main.OBJ
COMPILER INVOKED BY: D:\program File\keil\C51\BIN\C51.EXE main.c LARGE BROWSE DEBUG OBJECTEXTEND

line level    source

   1          #include <reg52.h>
   2          #include <intrins.h>
   3          #include "DS1302.h"
   4          #include "KeyScan.h"
   5          #include "LCD1602.h"
   6          #include "Calendar.h"
   7          
   8          /***************init*******************/
   9          uchar code DateStr[] = __DATE__;        //      xx-xx-xx
  10          uchar code TimeStr[] = __TIME__;        //  xx:xx:xx 
  11          uchar tem[4];
  12          uchar test[3] = "  \0";
  13          uchar year, month, day, h, m, s;
  14          
  15          
  16          void init_All(SYSTEMTIME *Time, uint i)
  17          {
  18   1              DS1302_Initial();
  19   1              lcd_init();
  20   1              delayms(10);
  21   1      
  22   1              DS1302_Stop(1); //      暂停计时                                                                                                  
  23   1      
  24   1              year = (DateStr[10] - '0') + (DateStr[9] - '0') * 10;
  25   1      
  26   1              for (i = 0; i < 3; ++ i ) tem[i] = DateStr[i];
  27   1              tem[3] = '\0';
  28   1              
  29   1              month = calendar_month_Word2value(tem);
  30   1              day = (DateStr[5] - '0') + (DateStr[4] - '0') * 10;
  31   1      
  32   1              h = (TimeStr[1] - '0') + (TimeStr[0] - '0') * 10;
  33   1              m = (TimeStr[4] - '0') + (TimeStr[3] - '0') * 10;
  34   1              s = (TimeStr[7] - '0') + (TimeStr[6] - '0') * 10;
  35   1              
  36   1              DS1302_SetTime(DS1302_WEEK, 2);
  37   1      
  38   1              DS1302_SetTime(DS1302_YEAR, year);
  39   1              DS1302_SetTime(DS1302_MONTH, month);
  40   1              DS1302_SetTime(DS1302_DAY, day);
  41   1              DS1302_SetTime(DS1302_HOUR, h);
  42   1              DS1302_SetTime(DS1302_MINUTE, m);
  43   1              DS1302_SetTime(DS1302_SECOND, s);
  44   1      
  45   1                      
  46   1      
  47   1              DS1302_Stop(0); //      重新计时        
  48   1      }
*** WARNING C280 IN LINE 16 OF MAIN.C: 'Time': unreferenced local variable
  49          /**************************************/
  50          
  51          /****************main********************/
  52          
  53          /****************test module*************/
  54          
C51 COMPILER V9.01   MAIN                                                                  01/04/2021 22:31:35 PAGE 2   

  55          //void main() // test
  56          //{
  57          //      SYSTEMTIME time;
  58          //      init_All(&time);
  59          //      delayms(10);
  60          //      year = (DateStr[10] - '0') + (DateStr[9] - '0') * 10;
  61          //      while (1)
  62          //      {
  63          //              calendar_homePage();
  64          //      }
  65          //}
  66          
  67          /*****************test end***************/
  68          
  69          void main()
  70          {
  71   1              /***param define***/
  72   1              SYSTEMTIME time;
  73   1              uint key = 0;
  74   1              int flag = 0;
  75   1              uint i = 0;
  76   1              uint countDown = 2;
  77   1              /***define end*****/
  78   1      
  79   1              init_All(&time, 0);
  80   1                      
  81   1              while (1)
  82   1              {
  83   2                      if (flag == 0)
  84   2                      {
  85   3                              lcd_wcmd(0x01);
  86   3                              calendar_homePage();
  87   3                              for (i = countDown; i >= 1; -- i)
  88   3                              {       
  89   4                                      lcd_wcmd(FLine + 15);
  90   4                                      lcd_wdat(i + '0'); 
  91   4                                      delayms(1000);                                                  
  92   4                              }
  93   3      
  94   3                              lcd_wcmd(FLine + 15);
  95   3                              lcd_wdat(' ');
  96   3      
  97   3                              flag = 1;
  98   3                      }
  99   2                      key = read_key();
 100   2      
 101   2                      switch (key)
 102   2                      {
 103   3                              case 1: //      current time
 104   3                                      lcd_wcmd(0x01);  
 105   3                                      calendar_showTime(&time);
 106   3                                      flag = 0;
 107   3                                      break;
 108   3                              case 2: // lunar date
 109   3                                      lcd_wcmd(0x01); 
 110   3                                      calendar_editAndLookupLunarDate(&time);
 111   3                                      flag = 0;
 112   3                                      break;
 113   3                              case 3: //      empty
 114   3                                      
 115   3                                      flag = 0;       
 116   3                                      break;
C51 COMPILER V9.01   MAIN                                                                  01/04/2021 22:31:35 PAGE 3   

 117   3                              case 4: 
 118   3                                      // exit key
 119   3                                      flag = 0;
 120   3                                      break;
 121   3                              default:
 122   3                                      //      do nothing
 123   3                                      break;
 124   3                      }
 125   2              }
 126   1      }


MODULE INFORMATION:   STATIC OVERLAYABLE
   CODE SIZE        =   4179    ----
   CONSTANT SIZE    =    751    ----
   XDATA SIZE       =     31     230
   PDATA SIZE       =   ----    ----
   DATA SIZE        =   ----    ----
   IDATA SIZE       =   ----    ----
   BIT SIZE         =   ----       2
END OF MODULE INFORMATION.


C51 COMPILATION COMPLETE.  1 WARNING(S),  0 ERROR(S)
